<html>
<body>
<pre>
<h1>µVision Build Log</h1>
<h2>Project:</h2>
C:\Users\Luan Lins\Google Drive\BCC\Periodos\2018.2\Sistemas Operacionais\Projeto SO\projetoDPP\DPP.uvproj
Project File Date:  01/12/2019

<h2>Output:</h2>
Build target 'Target 1'
assembling Startup.s...
linking...
.\DPP.axf: Warning: L6914W: option ropi ignored when using --scatter.
.\DPP.axf: Warning: L6914W: option rwpi ignored when using --scatter.
Program Size: Code=828 RO-data=32 RW-data=4 ZI-data=1260  
Finished: 0 information, 2 warning and 0 error messages.
FromELF: creating hex file...
".\DPP.axf" - 0 Error(s), 2 Warning(s).
 ropi ignored when using --scatter.
.\DPP.axf: Warning: L6914W: option rwpi ignored when using --scatter.
Program Size: Code=828 RO-data=32 RW-data=4 ZI-data=1260  
Finished: 0 information, 2 warning and 0 error messages.
FromELF: creating hex file...
".\DPP.axf" - 0 Error(s), 4 Warning(s).
).
Target not created
Code=828 RO-data=32 RW-data=4 ZI-data=1260  
Finished: 0 information, 2 warning and 0 error messages.
".\DPP.axf" - 0 Error(s), 6 Warning(s).
