<html>
<body>
<pre>
<h1>µVision Build Log</h1>
<h2>Project:</h2>
C:\Users\Luan Lins\Google Drive\BCC\Periodos\2018.2\Sistemas Operacionais\Projeto SO\projetoDPP\DPP.uvproj
Project File Date:  01/24/2019

<h2>Output:</h2>
Build target 'Target 1'
compiling main.c...
main.h(41): warning:  #550-D: variable "PT_YIELD_FLAG" was set but never used
      PT_BEGIN(pt);
main.c: 1 warning, 0 errors
linking...
.\DPP.axf: Warning: L6914W: option rwpi ignored when using --scatter.
Program Size: Code=6336 RO-data=44 RW-data=24 ZI-data=1792  
Finished: 0 information, 1 warning and 0 error messages.
".\DPP.axf" - 0 Error(s), 2 Warning(s).
</pre>
</body>
</html>
s.
FromELF: creating hex file...
".\DPP.axf" - 0 Error(s), 3 Warning(s).
e class or type specifier
      INTENCAO(pt, i);\
main.h(43): error:  #147-D: declaration is incompatible with "int printf(const char *restrict, ...)" (declared at line 365 of "C:\Keil\ARM\ARMCC\bin\..\include\stdio.h")
      INTENCAO(pt, i);\
main.h(43): error:  #169: expected a declaration
      INTENCAO(pt, i);\
main.h(44): error:  #169: expected a declaration
      PT_SEM_SIGNAL(pt, &mutex); 
main.h(73): error:  #140: too many arguments in function call
          PENSAR(pt, i);
main.h(75): error:  #7: unrecognized token
          PEGAR_GARFO(pt, i);
main.h(75): error:  #29: expected an expression
          PEGAR_GARFO(pt, i);
main.h(79): error:  #140: too many arguments in function call
          COMER(pt, i);
main.h(69): warning:  #550-D: variable "PT_YIELD_FLAG" was set but never used
      PT_BEGIN(pt);
main.c: 3 warnings, 11 errors
".\DPP.axf" - 11 Error(s), 3 Warning(s).
Target not created
never used
      PT_BEGIN(pt);
main.c: 2 warnings, 13 errors
".\DPP.axf" - 13 Error(s), 2 Warning(s).
Target not created
reated
ain.h(78): error:  #140: too many arguments in function call
          COMER(pt, i);
main.h(69): warning:  #550-D: variable "PT_YIELD_FLAG" was set but never used
      PT_BEGIN(pt);
main.c: 4 warnings, 14 errors
".\DPP.axf" - 14 Error(s), 4 Warning(s).
Target not created
ng(s).
Target not created
pt, i);
main.h(108): error:  #20: identifier "mutex" is undefined
          PEGAR_GARFO(pt, i);
main.h(109): error:  #20: identifier "mux_f" is undefined
          PEGAR_GARFO_2L;
main.h(109): error:  #20: identifier "mux_f" is undefined
          PEGAR_GARFO_2L;
main.h(113): error:  #29: expected an expression
          POR_GARFO(pt, i);
main.h(113): error:  #29: expected an expression
          POR_GARFO(pt, i);
main.h(113): error:  #29: expected an expression
          POR_GARFO(pt, i);
main.h(113): error:  #29: expected an expression
          POR_GARFO(pt, i);
main.h(113): error:  #29: expected an expression
          POR_GARFO(pt, i);
main.h(113): error:  #29: expected an expression
          POR_GARFO(pt, i);
main.h(113): error:  #29: expected an expression
          POR_GARFO(pt, i);
main.h(113): error:  #29: expected an expression
          POR_GARFO(pt, i);
main.h(113): error:  #29: expected an expression
          POR_GARFO(pt, i);
main.c: 0 warnings, 30 errors
".\DPP.axf" - 30 Error(s), 0 Warning(s).
Target not created
l
          COMER(pt, i);
main.h(134): error:  #20: identifier "mutex" is undefined
          POR_GARFO(pt, i);
main.h(134): error:  #20: identifier "mutex" is undefined
          POR_GARFO(pt, i);
main.h(134): error:  #29: expected an expression
          POR_GARFO(pt, i);
main.h(134): error:  #29: expected an expression
          POR_GARFO(pt, i);
main.h(134): error:  #29: expected an expression
          POR_GARFO(pt, i);
main.c: 3 warnings, 30 errors
".\DPP.axf" - 30 Error(s), 3 Warning(s).
Target not created
